17:40:16 **** Incremental Build of configuration Debug for project ifelseifTax ****
Info: Internal Builder is used for build
gcc -O0 -g3 -Wall -c -fmessage-length=0 -o main.o "..\\main.c" 
gcc -o ifelseifTax.exe main.o 
17:41:25 **** Incremental Build of configuration Debug for project ifelseifTax ****
Info: Internal Builder is used for build
gcc -O0 -g3 -Wall -c -fmessage-length=0 -o main.o "..\\main.c" 
gcc -o ifelseifTax.exe main.o 
17:46:00 **** Build of configuration Debug for project 005led_toggle ****
make -j4 all 
arm-none-eabi-size   005led_toggle.elf 
   text	   data	    bss	    dec	    hex	filename
    804	      8	   1568	   2380	    94c	005led_toggle.elf
Finished building: default.size.stdout
 
17:46:33 **** Build of configuration Debug for project 010led_toggle_bitfields ****
make -j4 all 
arm-none-eabi-size   010led_toggle_bitfields.elf 
   text	   data	    bss	    dec	    hex	filename
    788	      8	   1568	   2364	    93c	010led_toggle_bitfields.elf
Finished building: default.size.stdout
 
17:47:22 **** Build of configuration Debug for project 004led_on ****
make -j4 all 
arm-none-eabi-size   004led_on.elf 
   text	   data	    bss	    dec	    hex	filename
    748	      8	   1568	   2324	    914	004led_on.elf
Finished building: default.size.stdout
 
17:48:00 **** Incremental Build of configuration Debug for project 010led_toggle_bitfields ****
make -j4 all 
arm-none-eabi-size   010led_toggle_bitfields.elf 
   text	   data	    bss	    dec	    hex	filename
    788	      8	   1568	   2364	    93c	010led_toggle_bitfields.elf
Finished building: default.size.stdout
 
